// Vitest Snapshot v1, https://vitest.dev/guide/snapshot.html

exports[`AppModal.vue > renders modal when show is true 1`] = `
"<!--teleport start-->
<!--teleport end-->"
`;
