// Vitest Snapshot v1, https://vitest.dev/guide/snapshot.html

exports[`AppCard.vue > renders card with provided slot content 1`] = `"<div class="w-full block bg-white p-6">This is the content of the card</div>"`;
